// Jest Snapshot v1, https://goo.gl/fbAQLP

exports[`renders calculator correctly 1`] = `
<div
  className="container"
>
  <div
    className="text-box"
  >
    0
  </div>
  <div
    className="grid-container"
  >
    <button
      className="btn"
      onClick={[Function]}
      type="button"
      value="AC"
    >
      AC
    </button>
    <button
      className="btn"
      onClick={[Function]}
      type="button"
    >
      +/-
    </button>
    <button
      className="btn"
      onClick={[Function]}
      type="button"
    >
      %
    </button>
    <button
      className="btn btn-orange"
      onClick={[Function]}
      type="button"
    >
      +
    </button>
    <button
      className="btn"
      onClick={[Function]}
      type="button"
    >
      7
    </button>
    <button
      className="btn"
      onClick={[Function]}
      type="button"
    >
      8
    </button>
    <button
      className="btn"
      onClick={[Function]}
      type="button"
    >
      9
    </button>
    <button
      className="btn btn-orange"
      onClick={[Function]}
      type="button"
    >
      x
    </button>
    <button
      className="btn"
      onClick={[Function]}
      type="button"
    >
      4
    </button>
    <button
      className="btn"
      onClick={[Function]}
      type="button"
    >
      5
    </button>
    <button
      className="btn"
      onClick={[Function]}
      type="button"
    >
      6
    </button>
    <button
      className="btn btn-orange"
      onClick={[Function]}
      type="button"
    >
      รท
    </button>
    <button
      className="btn"
      onClick={[Function]}
      type="button"
    >
      1
    </button>
    <button
      className="btn"
      onClick={[Function]}
      type="button"
    >
      2
    </button>
    <button
      className="btn"
      onClick={[Function]}
      type="button"
    >
      3
    </button>
    <button
      className="btn btn-orange"
      onClick={[Function]}
      type="button"
    >
      -
    </button>
    <button
      className="btn btn-block"
      onClick={[Function]}
      type="button"
    >
      0
    </button>
    <button
      className="btn"
      onClick={[Function]}
      type="button"
    >
      .
    </button>
    <button
      className="btn btn-orange"
      onClick={[Function]}
      type="button"
    >
      =
    </button>
  </div>
</div>
`;
